04:56:33 **** Incremental Build of configuration Debug for project Door_Lock ****
make -j4 all 
arm-none-eabi-gcc  -gdwarf-2 "../Src/main.c" -mcpu=cortex-m3 -std=gnu11 -g3 -DSTM32 -DSTM32F1 -DSTM32F103C6Tx -DDEBUG -c -I../Inc -I"C:/Users/dell/Desktop/Stm32/Door_Lock/AUTOSAR_IMPLEMENTATION/AUTOSAR_include_files" -I"C:/Users/dell/Desktop/Stm32/Door_Lock/HAL/includes" -I"C:/Users/dell/Desktop/Stm32/Door_Lock/Stm32_F103C6_Drivers/inc" -O0 -ffunction-sections -fdata-sections -Wall -fstack-usage -fcyclomatic-complexity -MMD -MP -MF"Src/main.d" -MT"Src/main.o" --specs=nano.specs -mfloat-abi=soft -mthumb -o "Src/main.o"
arm-none-eabi-gcc  -gdwarf-2 -o "Door_Lock.elf" @"objects.list"   -mcpu=cortex-m3 -T"C:\Users\dell\Desktop\Stm32\Door_Lock\STM32F103C6TX_FLASH.ld" --specs=nosys.specs -Wl,-Map="Door_Lock.map" -Wl,--gc-sections -static --specs=nano.specs -mfloat-abi=soft -mthumb -Wl,--start-group -lc -lm -Wl,--end-group
F:/Cube IDE/STM32CubeIDE_1.16.1/STM32CubeIDE/plugins/com.st.stm32cube.ide.mcu.externaltools.gnu-tools-for-stm32.12.3.rel1.win32_1.0.200.202406191623/tools/bin/../lib/gcc/arm-none-eabi/12.3.1/../../../../arm-none-eabi/bin/ld.exe: warning: Door_Lock.elf has a LOAD segment with RWX permissions
Finished building target: Door_Lock.elf
 
arm-none-eabi-size  Door_Lock.elf 
arm-none-eabi-objdump -h -S Door_Lock.elf  > "Door_Lock.list"
   text	   data	    bss	    dec	    hex	filename
   2728	      8	   1712	   4448	   1160	Door_Lock.elf
Finished building: default.size.stdout
 
Finished building: Door_Lock.list
 

04:56:36 Build Finished. 0 errors, 1 warnings. (took 3s.183ms)

