Archive member included to satisfy reference by file (symbol)

F:/Cube IDE/STM32CubeIDE_1.16.1/STM32CubeIDE/plugins/com.st.stm32cube.ide.mcu.externaltools.gnu-tools-for-stm32.12.3.rel1.win32_1.0.200.202406191623/tools/bin/../lib/gcc/arm-none-eabi/12.3.1/../../../../arm-none-eabi/lib/thumb/v7-m/nofp\libc_nano.a(libc_a-exit.o)
                              F:/Cube IDE/STM32CubeIDE_1.16.1/STM32CubeIDE/plugins/com.st.stm32cube.ide.mcu.externaltools.gnu-tools-for-stm32.12.3.rel1.win32_1.0.200.202406191623/tools/bin/../lib/gcc/arm-none-eabi/12.3.1/../../../../arm-none-eabi/lib/thumb/v7-m/nofp/crt0.o (exit)
F:/Cube IDE/STM32CubeIDE_1.16.1/STM32CubeIDE/plugins/com.st.stm32cube.ide.mcu.externaltools.gnu-tools-for-stm32.12.3.rel1.win32_1.0.200.202406191623/tools/bin/../lib/gcc/arm-none-eabi/12.3.1/../../../../arm-none-eabi/lib/thumb/v7-m/nofp\libc_nano.a(libc_a-findfp.o)
                              F:/Cube IDE/STM32CubeIDE_1.16.1/STM32CubeIDE/plugins/com.st.stm32cube.ide.mcu.externaltools.gnu-tools-for-stm32.12.3.rel1.win32_1.0.200.202406191623/tools/bin/../lib/gcc/arm-none-eabi/12.3.1/../../../../arm-none-eabi/lib/thumb/v7-m/nofp\libc_nano.a(libc_a-exit.o) (__stdio_exit_handler)
F:/Cube IDE/STM32CubeIDE_1.16.1/STM32CubeIDE/plugins/com.st.stm32cube.ide.mcu.externaltools.gnu-tools-for-stm32.12.3.rel1.win32_1.0.200.202406191623/tools/bin/../lib/gcc/arm-none-eabi/12.3.1/../../../../arm-none-eabi/lib/thumb/v7-m/nofp\libc_nano.a(libc_a-fwalk.o)
                              F:/Cube IDE/STM32CubeIDE_1.16.1/STM32CubeIDE/plugins/com.st.stm32cube.ide.mcu.externaltools.gnu-tools-for-stm32.12.3.rel1.win32_1.0.200.202406191623/tools/bin/../lib/gcc/arm-none-eabi/12.3.1/../../../../arm-none-eabi/lib/thumb/v7-m/nofp\libc_nano.a(libc_a-findfp.o) (_fwalk_sglue)
F:/Cube IDE/STM32CubeIDE_1.16.1/STM32CubeIDE/plugins/com.st.stm32cube.ide.mcu.externaltools.gnu-tools-for-stm32.12.3.rel1.win32_1.0.200.202406191623/tools/bin/../lib/gcc/arm-none-eabi/12.3.1/../../../../arm-none-eabi/lib/thumb/v7-m/nofp\libc_nano.a(libc_a-stdio.o)
                              F:/Cube IDE/STM32CubeIDE_1.16.1/STM32CubeIDE/plugins/com.st.stm32cube.ide.mcu.externaltools.gnu-tools-for-stm32.12.3.rel1.win32_1.0.200.202406191623/tools/bin/../lib/gcc/arm-none-eabi/12.3.1/../../../../arm-none-eabi/lib/thumb/v7-m/nofp\libc_nano.a(libc_a-findfp.o) (__sread)
F:/Cube IDE/STM32CubeIDE_1.16.1/STM32CubeIDE/plugins/com.st.stm32cube.ide.mcu.externaltools.gnu-tools-for-stm32.12.3.rel1.win32_1.0.200.202406191623/tools/bin/../lib/gcc/arm-none-eabi/12.3.1/../../../../arm-none-eabi/lib/thumb/v7-m/nofp\libc_nano.a(libc_a-memset.o)
                              F:/Cube IDE/STM32CubeIDE_1.16.1/STM32CubeIDE/plugins/com.st.stm32cube.ide.mcu.externaltools.gnu-tools-for-stm32.12.3.rel1.win32_1.0.200.202406191623/tools/bin/../lib/gcc/arm-none-eabi/12.3.1/../../../../arm-none-eabi/lib/thumb/v7-m/nofp/crt0.o (memset)
F:/Cube IDE/STM32CubeIDE_1.16.1/STM32CubeIDE/plugins/com.st.stm32cube.ide.mcu.externaltools.gnu-tools-for-stm32.12.3.rel1.win32_1.0.200.202406191623/tools/bin/../lib/gcc/arm-none-eabi/12.3.1/../../../../arm-none-eabi/lib/thumb/v7-m/nofp\libc_nano.a(libc_a-closer.o)
                              F:/Cube IDE/STM32CubeIDE_1.16.1/STM32CubeIDE/plugins/com.st.stm32cube.ide.mcu.externaltools.gnu-tools-for-stm32.12.3.rel1.win32_1.0.200.202406191623/tools/bin/../lib/gcc/arm-none-eabi/12.3.1/../../../../arm-none-eabi/lib/thumb/v7-m/nofp\libc_nano.a(libc_a-stdio.o) (_close_r)
F:/Cube IDE/STM32CubeIDE_1.16.1/STM32CubeIDE/plugins/com.st.stm32cube.ide.mcu.externaltools.gnu-tools-for-stm32.12.3.rel1.win32_1.0.200.202406191623/tools/bin/../lib/gcc/arm-none-eabi/12.3.1/../../../../arm-none-eabi/lib/thumb/v7-m/nofp\libc_nano.a(libc_a-reent.o)
                              F:/Cube IDE/STM32CubeIDE_1.16.1/STM32CubeIDE/plugins/com.st.stm32cube.ide.mcu.externaltools.gnu-tools-for-stm32.12.3.rel1.win32_1.0.200.202406191623/tools/bin/../lib/gcc/arm-none-eabi/12.3.1/../../../../arm-none-eabi/lib/thumb/v7-m/nofp\libc_nano.a(libc_a-closer.o) (errno)
F:/Cube IDE/STM32CubeIDE_1.16.1/STM32CubeIDE/plugins/com.st.stm32cube.ide.mcu.externaltools.gnu-tools-for-stm32.12.3.rel1.win32_1.0.200.202406191623/tools/bin/../lib/gcc/arm-none-eabi/12.3.1/../../../../arm-none-eabi/lib/thumb/v7-m/nofp\libc_nano.a(libc_a-impure.o)
                              F:/Cube IDE/STM32CubeIDE_1.16.1/STM32CubeIDE/plugins/com.st.stm32cube.ide.mcu.externaltools.gnu-tools-for-stm32.12.3.rel1.win32_1.0.200.202406191623/tools/bin/../lib/gcc/arm-none-eabi/12.3.1/../../../../arm-none-eabi/lib/thumb/v7-m/nofp\libc_nano.a(libc_a-reent.o) (_impure_ptr)
F:/Cube IDE/STM32CubeIDE_1.16.1/STM32CubeIDE/plugins/com.st.stm32cube.ide.mcu.externaltools.gnu-tools-for-stm32.12.3.rel1.win32_1.0.200.202406191623/tools/bin/../lib/gcc/arm-none-eabi/12.3.1/../../../../arm-none-eabi/lib/thumb/v7-m/nofp\libc_nano.a(libc_a-lseekr.o)
[...]
Memory Configuration

Name             Origin             Length             Attributes
RAM              0x20000000         0x00002800         xrw
ROM              0x08000000         0x00008000         xr
*default*        0x00000000         0xffffffff

Linker script and memory map

LOAD F:/Cube IDE/STM32CubeIDE_1.16.1/STM32CubeIDE/plugins/com.st.stm32cube.ide.mcu.externaltools.gnu-tools-for-stm32.12.3.rel1.win32_1.0.200.202406191623/tools/bin/../lib/gcc/arm-none-eabi/12.3.1/thumb/v7-m/nofp/crti.o
LOAD F:/Cube IDE/STM32CubeIDE_1.16.1/STM32CubeIDE/plugins/com.st.stm32cube.ide.mcu.externaltools.gnu-tools-for-stm32.12.3.rel1.win32_1.0.200.202406191623/tools/bin/../lib/gcc/arm-none-eabi/12.3.1/thumb/v7-m/nofp/crtbegin.o
LOAD F:/Cube IDE/STM32CubeIDE_1.16.1/STM32CubeIDE/plugins/com.st.stm32cube.ide.mcu.externaltools.gnu-tools-for-stm32.12.3.rel1.win32_1.0.200.202406191623/tools/bin/../lib/gcc/arm-none-eabi/12.3.1/../../../../arm-none-eabi/lib/thumb/v7-m/nofp/crt0.o
LOAD ./HAL/I2C_Slave_EEPROM.o
LOAD ./HAL/keypad.o
LOAD ./Src/main.o
LOAD ./Src/syscalls.o
LOAD ./Src/sysmem.o
LOAD ./Startup/startup_stm32f103c6tx.o
LOAD ./Stm32_F103C6_Drivers/GPIO/stm32f103x8_gpio_driver.o
LOAD ./Stm32_F103C6_Drivers/stm32f103x8_EXTI_driver.o
LOAD ./Stm32_F103C6_Drivers/stm32f103x8_I2C_Drver.o
LOAD ./Stm32_F103C6_Drivers/stm32f103x8_RCC_driver.o
LOAD ./Stm32_F103C6_Drivers/stm32f103x8_SPI_Drver.o
LOAD ./Stm32_F103C6_Drivers/stm32f103x8_USART_driver.o
START GROUP
LOAD F:/Cube IDE/STM32CubeIDE_1.16.1/STM32CubeIDE/plugins/com.st.stm32cube.ide.mcu.externaltools.gnu-tools-for-stm32.12.3.rel1.win32_1.0.200.202406191623/tools/bin/../lib/gcc/arm-none-eabi/12.3.1/../../../../arm-none-eabi/lib/thumb/v7-m/nofp\libc_nano.a
LOAD F:/Cube IDE/STM32CubeIDE_1.16.1/STM32CubeIDE/plugins/com.st.stm32cube.ide.mcu.externaltools.gnu-tools-for-stm32.12.3.rel1.win32_1.0.200.202406191623/tools/bin/../lib/gcc/arm-none-eabi/12.3.1/../../../../arm-none-eabi/lib/thumb/v7-m/nofp\libm.a
END GROUP
START GROUP
LOAD F:/Cube IDE/STM32CubeIDE_1.16.1/STM32CubeIDE/plugins/com.st.stm32cube.ide.mcu.externaltools.gnu-tools-for-stm32.12.3.rel1.win32_1.0.200.202406191623/tools/bin/../lib/gcc/arm-none-eabi/12.3.1/thumb/v7-m/nofp\libgcc.a
LOAD F:/Cube IDE/STM32CubeIDE_1.16.1/STM32CubeIDE/plugins/com.st.stm32cube.ide.mcu.externaltools.gnu-tools-for-stm32.12.3.rel1.win32_1.0.200.202406191623/tools/bin/../lib/gcc/arm-none-eabi/12.3.1/../../../../arm-none-eabi/lib/thumb/v7-m/nofp\libg_nano.a
LOAD F:/Cube IDE/STM32CubeIDE_1.16.1/STM32CubeIDE/plugins/com.st.stm32cube.ide.mcu.externaltools.gnu-tools-for-stm32.12.3.rel1.win32_1.0.200.202406191623/tools/bin/../lib/gcc/arm-none-eabi/12.3.1/../../../../arm-none-eabi/lib/thumb/v7-m/nofp\libc_nano.a
END GROUP
START GROUP
LOAD F:/Cube IDE/STM32CubeIDE_1.16.1/STM32CubeIDE/plugins/com.st.stm32cube.ide.mcu.externaltools.gnu-tools-for-stm32.12.3.rel1.win32_1.0.200.202406191623/tools/bin/../lib/gcc/arm-none-eabi/12.3.1/thumb/v7-m/nofp\libgcc.a
LOAD F:/Cube IDE/STM32CubeIDE_1.16.1/STM32CubeIDE/plugins/com.st.stm32cube.ide.mcu.externaltools.gnu-tools-for-stm32.12.3.rel1.win32_1.0.200.202406191623/tools/bin/../lib/gcc/arm-none-eabi/12.3.1/../../../../arm-none-eabi/lib/thumb/v7-m/nofp\libc_nano.a
LOAD F:/Cube IDE/STM32CubeIDE_1.16.1/STM32CubeIDE/plugins/com.st.stm32cube.ide.mcu.externaltools.gnu-tools-for-stm32.12.3.rel1.win32_1.0.200.202406191623/tools/bin/../lib/gcc/arm-none-eabi/12.3.1/../../../../arm-none-eabi/lib/thumb/v7-m/nofp\libnosys.a
END GROUP
START GROUP
LOAD F:/Cube IDE/STM32CubeIDE_1.16.1/STM32CubeIDE/plugins/com.st.stm32cube.ide.mcu.externaltools.gnu-tools-for-stm32.12.3.rel1.win32_1.0.200.202406191623/tools/bin/../lib/gcc/arm-none-eabi/12.3.1/thumb/v7-m/nofp\libgcc.a
LOAD F:/Cube IDE/STM32CubeIDE_1.16.1/STM32CubeIDE/plugins/com.st.stm32cube.ide.mcu.externaltools.gnu-tools-for-stm32.12.3.rel1.win32_1.0.200.202406191623/tools/bin/../lib/gcc/arm-none-eabi/12.3.1/../../../../arm-none-eabi/lib/thumb/v7-m/nofp\libc_nano.a
LOAD F:/Cube IDE/STM32CubeIDE_1.16.1/STM32CubeIDE/plugins/com.st.stm32cube.ide.mcu.externaltools.gnu-tools-for-stm32.12.3.rel1.win32_1.0.200.202406191623/tools/bin/../lib/gcc/arm-none-eabi/12.3.1/../../../../arm-none-eabi/lib/thumb/v7-m/nofp\libnosys.a
END GROUP
LOAD F:/Cube IDE/STM32CubeIDE_1.16.1/STM32CubeIDE/plugins/com.st.stm32cube.ide.mcu.externaltools.gnu-tools-for-stm32.12.3.rel1.win32_1.0.200.202406191623/tools/bin/../lib/gcc/arm-none-eabi/12.3.1/thumb/v7-m/nofp/crtend.o
LOAD F:/Cube IDE/STM32CubeIDE_1.16.1/STM32CubeIDE/plugins/com.st.stm32cube.ide.mcu.externaltools.gnu-tools-for-stm32.12.3.rel1.win32_1.0.200.202406191623/tools/bin/../lib/gcc/arm-none-eabi/12.3.1/thumb/v7-m/nofp/crtn.o
                0x20002800                        _estack = (ORIGIN (RAM) + LENGTH (RAM))
                0x00000200                        _Min_Heap_Size = 0x200
                0x00000400                        _Min_Stack_Size = 0x400

.isr_vector     0x08000000      0x130
                0x08000000                        . = ALIGN (0x4)
 *(.isr_vector)
 .isr_vector    0x08000000      0x130 ./Startup/startup_stm32f103c6tx.o
                0x08000000                g_pfnVectors
                0x08000130                        . = ALIGN (0x4)

.text           0x08000130      0x978
                0x08000130                        . = ALIGN (0x4)
 *(.text)
 .text          0x08000130       0x40 F:/Cube IDE/STM32CubeIDE_1.16.1/STM32CubeIDE/plugins/com.st.stm32cube.ide.mcu.externaltools.gnu-tools-for-stm32.12.3.rel1.win32_1.0.200.202406191623/tools/bin/../lib/gcc/arm-none-eabi/12.3.1/thumb/v7-m/nofp/crtbegin.o
 *(.text*)
 .text.wait_cycles
                0x08000170       0x2c ./Src/main.o
                0x08000170                wait_cycles
 .text.MCU_init
                0x0800019c       0x4c ./Src/main.o
                0x0800019c                MCU_init
 .text.StartOS  0x080001e8       0x32 ./Src/main.o
                0x080001e8                StartOS
 .text.main     0x0800021a       0x10 ./Src/main.o
                0x0800021a                main
 *fill*         0x0800022a        0x2 
 .text.Reset_Handler
                0x0800022c       0x50 ./Startup/startup_stm32f103c6tx.o
                0x0800022c                Reset_Handler
 .text.Default_Handler
                0x0800027c        0x2 ./Startup/startup_stm32f103c6tx.o
                0x0800027c                TIM8_TRG_COM_IRQHandler
                0x0800027c                TIM8_CC_IRQHandler
                0x0800027c                DebugMon_Handler
                0x0800027c                TIM1_CC_IRQHandler
                0x0800027c                HardFault_Handler
                0x0800027c                TIM6_IRQHandler
                0x0800027c                SysTick_Handler
                0x0800027c                PVD_IRQHandler
                0x0800027c                SDIO_IRQHandler
                0x0800027c                PendSV_Handler
                0x0800027c                NMI_Handler
                0x0800027c                USB_HP_CAN_TX_IRQHandler
                0x0800027c                UsageFault_Handler
                0x0800027c                ADC1_2_IRQHandler
                0x0800027c                CAN_SCE_IRQHandler
                0x0800027c                TAMPER_IRQHandler
                0x0800027c                TIM8_UP_IRQHandler
                0x0800027c                DMA2_Channel2_IRQHandler
                0x0800027c                DMA1_Channel4_IRQHandler
                0x0800027c                RTC_IRQHandler
                0x0800027c                DMA1_Channel7_IRQHandler
                0x0800027c                UART5_IRQHandler
                0x0800027c                ADC3_IRQHandler
                0x0800027c                TIM4_IRQHandler
                0x0800027c                CAN_RX1_IRQHandler
                0x0800027c                DMA2_Channel1_IRQHandler
                0x0800027c                DMA1_Channel6_IRQHandler
                0x0800027c                UART4_IRQHandler
                0x0800027c                TIM3_IRQHandler
                0x0800027c                RCC_IRQHandler
                0x0800027c                TIM1_TRG_COM_IRQHandler
                0x0800027c                DMA1_Channel1_IRQHandler
                0x0800027c                Default_Handler
                0x0800027c                TIM7_IRQHandler
                0x0800027c                TIM5_IRQHandler
                0x0800027c                USB_LP_CAN_RX0_IRQHandler
                0x0800027c                MemManage_Handler
                0x0800027c                SVC_Handler
                0x0800027c                DMA1_Channel5_IRQHandler
                0x0800027c                DMA1_Channel3_IRQHandler
                0x0800027c                FSMC_IRQHandler
                0x0800027c                TIM1_UP_IRQHandler
                0x0800027c                WWDG_IRQHandler
                0x0800027c                TIM2_IRQHandler
                0x0800027c                TIM1_BRK_IRQHandler
                0x0800027c                RTCAlarm_IRQHandler
                0x0800027c                DMA2_Channel4_5_IRQHandler
                0x0800027c                DMA1_Channel2_IRQHandler
                0x0800027c                TIM8_BRK_IRQHandler
                0x0800027c                FLASH_IRQHandler
                0x0800027c                BusFault_Handler
                0x0800027c                SPI3_IRQHandler
                0x0800027c                DMA2_Channel3_IRQHandler
 *fill*         0x0800027e        0x2 
 .text.Get_CRLH_Position
                0x08000280      0x170 ./Stm32_F103C6_Drivers/GPIO/stm32f103x8_gpio_driver.o
                0x08000280                Get_CRLH_Position
 .text.MCAL_GPIO_Init
                0x080003f0      0x154 ./Stm32_F103C6_Drivers/GPIO/stm32f103x8_gpio_driver.o
                0x080003f0                MCAL_GPIO_Init
 .text.EXTI0_IRQHandler
                0x08000544       0x24 ./Stm32_F103C6_Drivers/stm32f103x8_EXTI_driver.o
                0x08000544                EXTI0_IRQHandler
 .text.EXTI1_IRQHandler
                0x08000568       0x24 ./Stm32_F103C6_Drivers/stm32f103x8_EXTI_driver.o
                0x08000568                EXTI1_IRQHandler
 .text.EXTI2_IRQHandler
                0x0800058c       0x24 ./Stm32_F103C6_Drivers/stm32f103x8_EXTI_driver.o
                0x0800058c                EXTI2_IRQHandler
 .text.EXTI3_IRQHandler
                0x080005b0       0x24 ./Stm32_F103C6_Drivers/stm32f103x8_EXTI_driver.o
                0x080005b0                EXTI3_IRQHandler
 .text.EXTI4_IRQHandler
                0x080005d4       0x24 ./Stm32_F103C6_Drivers/stm32f103x8_EXTI_driver.o
                0x080005d4                EXTI4_IRQHandler
 .text.EXTI9_5_IRQHandler
                0x080005f8       0xa8 ./Stm32_F103C6_Drivers/stm32f103x8_EXTI_driver.o
                0x080005f8                EXTI9_5_IRQHandler
 .text.EXTI15_10_IRQHandler
                0x080006a0       0xc4 ./Stm32_F103C6_Drivers/stm32f103x8_EXTI_driver.o
                0x080006a0                EXTI15_10_IRQHandler
 .text.I2C1_ER_IRQHandler
                0x08000764        0xc ./Stm32_F103C6_Drivers/stm32f103x8_I2C_Drver.o
                0x08000764                I2C1_ER_IRQHandler
 .text.I2C1_EV_IRQHandler
                0x08000770       0xec ./Stm32_F103C6_Drivers/stm32f103x8_I2C_Drver.o
                0x08000770                I2C1_EV_IRQHandler
 .text.Slave_States
                0x0800085c       0xe0 ./Stm32_F103C6_Drivers/stm32f103x8_I2C_Drver.o
                0x0800085c                Slave_States
 .text.I2C2_ER_IRQHandler
                0x0800093c        0xc ./Stm32_F103C6_Drivers/stm32f103x8_I2C_Drver.o
                0x0800093c                I2C2_ER_IRQHandler
 .text.I2C2_EV_IRQHandler
                0x08000948        0xc ./Stm32_F103C6_Drivers/stm32f103x8_I2C_Drver.o
                0x08000948                I2C2_EV_IRQHandler
 .text.SPI1_IRQHandler
                0x08000954       0x5c ./Stm32_F103C6_Drivers/stm32f103x8_SPI_Drver.o
                0x08000954                SPI1_IRQHandler
 .text.SPI2_IRQHandler
                0x080009b0       0x5c ./Stm32_F103C6_Drivers/stm32f103x8_SPI_Drver.o
                0x080009b0                SPI2_IRQHandler
 .text.USART1_IRQHandler
                0x08000a0c       0x14 ./Stm32_F103C6_Drivers/stm32f103x8_USART_driver.o
                0x08000a0c                USART1_IRQHandler
 .text.USART2_IRQHandler
                0x08000a20       0x14 ./Stm32_F103C6_Drivers/stm32f103x8_USART_driver.o
                0x08000a20                USART2_IRQHandler
 .text.USART3_IRQHandler
                0x08000a34       0x14 ./Stm32_F103C6_Drivers/stm32f103x8_USART_driver.o
                0x08000a34                USART3_IRQHandler
 .text.__libc_init_array
                0x08000a48       0x48 F:/Cube IDE/STM32CubeIDE_1.16.1/STM32CubeIDE/plugins/com.st.stm32cube.ide.mcu.externaltools.gnu-tools-for-stm32.12.3.rel1.win32_1.0.200.202406191623/tools/bin/../lib/gcc/arm-none-eabi/12.3.1/../../../../arm-none-eabi/lib/thumb/v7-m/nofp\libc_nano.a(libc_a-init.o)
                0x08000a48                __libc_init_array
 *(.glue_7)
 .glue_7        0x08000a90        0x0 linker stubs
 *(.glue_7t)
 .glue_7t       0x08000a90        0x0 linker stubs
 *(.eh_frame)
 .eh_frame      0x08000a90        0x0 F:/Cube IDE/STM32CubeIDE_1.16.1/STM32CubeIDE/plugins/com.st.stm32cube.ide.mcu.externaltools.gnu-tools-for-stm32.12.3.rel1.win32_1.0.200.202406191623/tools/bin/../lib/gcc/arm-none-eabi/12.3.1/thumb/v7-m/nofp/crtbegin.o
 *(.init)
 .init          0x08000a90        0x4 F:/Cube IDE/STM32CubeIDE_1.16.1/STM32CubeIDE/plugins/com.st.stm32cube.ide.mcu.externaltools.gnu-tools-for-stm32.12.3.rel1.win32_1.0.200.202406191623/tools/bin/../lib/gcc/arm-none-eabi/12.3.1/thumb/v7-m/nofp/crti.o
                0x08000a90                _init
 .init          0x08000a94        0x8 F:/Cube IDE/STM32CubeIDE_1.16.1/STM32CubeIDE/plugins/com.st.stm32cube.ide.mcu.externaltools.gnu-tools-for-stm32.12.3.rel1.win32_1.0.200.202406191623/tools/bin/../lib/gcc/arm-none-eabi/12.3.1/thumb/v7-m/nofp/crtn.o
 *(.fini)
 .fini          0x08000a9c        0x4 F:/Cube IDE/STM32CubeIDE_1.16.1/STM32CubeIDE/plugins/com.st.stm32cube.ide.mcu.externaltools.gnu-tools-for-stm32.12.3.rel1.win32_1.0.200.202406191623/tools/bin/../lib/gcc/arm-none-eabi/12.3.1/thumb/v7-m/nofp/crti.o
                0x08000a9c                _fini
 .fini          0x08000aa0        0x8 F:/Cube IDE/STM32CubeIDE_1.16.1/STM32CubeIDE/plugins/com.st.stm32cube.ide.mcu.externaltools.gnu-tools-for-stm32.12.3.rel1.win32_1.0.200.202406191623/tools/bin/../lib/gcc/arm-none-eabi/12.3.1/thumb/v7-m/nofp/crtn.o
                0x08000aa8                        . = ALIGN (0x4)
                0x08000aa8                        _etext = .

.vfp11_veneer   0x08000aa8        0x0
 .vfp11_veneer  0x08000aa8        0x0 linker stubs

.v4_bx          0x08000aa8        0x0
 .v4_bx         0x08000aa8        0x0 linker stubs

.iplt           0x08000aa8        0x0
 .iplt          0x08000aa8        0x0 F:/Cube IDE/STM32CubeIDE_1.16.1/STM32CubeIDE/plugins/com.st.stm32cube.ide.mcu.externaltools.gnu-tools-for-stm32.12.3.rel1.win32_1.0.200.202406191623/tools/bin/../lib/gcc/arm-none-eabi/12.3.1/thumb/v7-m/nofp/crtbegin.o

.rel.dyn        0x08000aa8        0x0
 .rel.iplt      0x08000aa8        0x0 F:/Cube IDE/STM32CubeIDE_1.16.1/STM32CubeIDE/plugins/com.st.stm32cube.ide.mcu.externaltools.gnu-tools-for-stm32.12.3.rel1.win32_1.0.200.202406191623/tools/bin/../lib/gcc/arm-none-eabi/12.3.1/thumb/v7-m/nofp/crtbegin.o

.rodata         0x08000aa8        0x0
                0x08000aa8                        . = ALIGN (0x4)
 *(.rodata)
 *(.rodata*)
                0x08000aa8                        . = ALIGN (0x4)

.ARM.extab      0x08000aa8        0x0
                0x08000aa8                        . = ALIGN (0x4)
 *(.ARM.extab* .gnu.linkonce.armextab.*)
                0x08000aa8                        . = ALIGN (0x4)

.ARM            0x08000aa8        0x0
                0x08000aa8                        . = ALIGN (0x4)
                0x08000aa8                        __exidx_start = .
 *(.ARM.exidx*)
                0x08000aa8                        __exidx_end = .
                0x08000aa8                        . = ALIGN (0x4)

.preinit_array  0x08000aa8        0x0
                0x08000aa8                        . = ALIGN (0x4)
                0x08000aa8                        PROVIDE (__preinit_array_start = .)
 *(.preinit_array*)
                0x08000aa8                        PROVIDE (__preinit_array_end = .)
                0x08000aa8                        . = ALIGN (0x4)

.init_array     0x08000aa8        0x4
                0x08000aa8                        . = ALIGN (0x4)
                0x08000aa8                        PROVIDE (__init_array_start = .)
 *(SORT_BY_NAME(.init_array.*))
 *(.init_array*)
 .init_array    0x08000aa8        0x4 F:/Cube IDE/STM32CubeIDE_1.16.1/STM32CubeIDE/plugins/com.st.stm32cube.ide.mcu.externaltools.gnu-tools-for-stm32.12.3.rel1.win32_1.0.200.202406191623/tools/bin/../lib/gcc/arm-none-eabi/12.3.1/thumb/v7-m/nofp/crtbegin.o
                0x08000aac                        PROVIDE (__init_array_end = .)
                0x08000aac                        . = ALIGN (0x4)

.fini_array     0x08000aac        0x4
                0x08000aac                        . = ALIGN (0x4)
                [!provide]                        PROVIDE (__fini_array_start = .)
 *(SORT_BY_NAME(.fini_array.*))
 *(.fini_array*)
 .fini_array    0x08000aac        0x4 F:/Cube IDE/STM32CubeIDE_1.16.1/STM32CubeIDE/plugins/com.st.stm32cube.ide.mcu.externaltools.gnu-tools-for-stm32.12.3.rel1.win32_1.0.200.202406191623/tools/bin/../lib/gcc/arm-none-eabi/12.3.1/thumb/v7-m/nofp/crtbegin.o
                [!provide]                        PROVIDE (__fini_array_end = .)
                0x08000ab0                        . = ALIGN (0x4)
                0x08000ab0                        _sidata = LOADADDR (.data)

.data           0x20000000        0x0 load address 0x08000ab0
                0x20000000                        . = ALIGN (0x4)
                0x20000000                        _sdata = .
 *(.data)
 *(.data*)
                0x20000000                        . = ALIGN (0x4)
                0x20000000                        _edata = .

.igot.plt       0x20000000        0x0 load address 0x08000ab0
 .igot.plt      0x20000000        0x0 F:/Cube IDE/STM32CubeIDE_1.16.1/STM32CubeIDE/plugins/com.st.stm32cube.ide.mcu.externaltools.gnu-tools-for-stm32.12.3.rel1.win32_1.0.200.202406191623/tools/bin/../lib/gcc/arm-none-eabi/12.3.1/thumb/v7-m/nofp/crtbegin.o
                0x20000000                        . = ALIGN (0x4)

.bss            0x20000000       0xac load address 0x08000ab0
                0x20000000                        _sbss = .
                0x20000000                        __bss_start__ = _sbss
 *(.bss)
 .bss           0x20000000       0x1c F:/Cube IDE/STM32CubeIDE_1.16.1/STM32CubeIDE/plugins/com.st.stm32cube.ide.mcu.externaltools.gnu-tools-for-stm32.12.3.rel1.win32_1.0.200.202406191623/tools/bin/../lib/gcc/arm-none-eabi/12.3.1/thumb/v7-m/nofp/crtbegin.o
 *(.bss*)
 .bss.GP_IRQ_CallBack
                0x2000001c       0x3c ./Stm32_F103C6_Drivers/stm32f103x8_EXTI_driver.o
                0x2000001c                GP_IRQ_CallBack
 .bss.Global_I2C_Config
                0x20000058       0x48 ./Stm32_F103C6_Drivers/stm32f103x8_I2C_Drver.o
                0x20000058                Global_I2C_Config
 .bss.Global_SPI_Config
                0x200000a0        0x8 ./Stm32_F103C6_Drivers/stm32f103x8_SPI_Drver.o
                0x200000a0                Global_SPI_Config
 .bss.Global_UART_Config
                0x200000a8        0x4 ./Stm32_F103C6_Drivers/stm32f103x8_USART_driver.o
                0x200000a8                Global_UART_Config
 *(COMMON)
                0x200000ac                        . = ALIGN (0x4)
                0x200000ac                        _ebss = .
                0x200000ac                        __bss_end__ = _ebss

._user_heap_stack
                0x200000ac      0x604 load address 0x08000ab0
                0x200000b0                        . = ALIGN (0x8)
 *fill*         0x200000ac        0x4 
                [!provide]                        PROVIDE (end = .)
                0x200000b0                        PROVIDE (_end = .)
                0x200002b0                        . = (. + _Min_Heap_Size)
 *fill*         0x200000b0      0x200 
                0x200006b0                        . = (. + _Min_Stack_Size)
 *fill*         0x200002b0      0x400 
                0x200006b0                        . = ALIGN (0x8)

/DISCARD/
 libc.a(*)
 libm.a(*)
 libgcc.a(*)

.ARM.attributes
                0x00000000       0x29
 *(.ARM.attributes)
 .ARM.attributes
                0x00000000       0x1d F:/Cube IDE/STM32CubeIDE_1.16.1/STM32CubeIDE/plugins/com.st.stm32cube.ide.mcu.externaltools.gnu-tools-for-stm32.12.3.rel1.win32_1.0.200.202406191623/tools/bin/../lib/gcc/arm-none-eabi/12.3.1/thumb/v7-m/nofp/crti.o
 .ARM.attributes
                0x0000001d       0x2d F:/Cube IDE/STM32CubeIDE_1.16.1/STM32CubeIDE/plugins/com.st.stm32cube.ide.mcu.externaltools.gnu-tools-for-stm32.12.3.rel1.win32_1.0.200.202406191623/tools/bin/../lib/gcc/arm-none-eabi/12.3.1/thumb/v7-m/nofp/crtbegin.o
 .ARM.attributes
                0x0000004a       0x2d ./Src/main.o
 .ARM.attributes
                0x00000077       0x21 ./Startup/startup_stm32f103c6tx.o
 .ARM.attributes
                0x00000098       0x2d ./Stm32_F103C6_Drivers/GPIO/stm32f103x8_gpio_driver.o
 .ARM.attributes
                0x000000c5       0x2d ./Stm32_F103C6_Drivers/stm32f103x8_EXTI_driver.o
 .ARM.attributes
                0x000000f2       0x2d ./Stm32_F103C6_Drivers/stm32f103x8_I2C_Drver.o
 .ARM.attributes
                0x0000011f       0x2d ./Stm32_F103C6_Drivers/stm32f103x8_SPI_Drver.o
 .ARM.attributes
                0x0000014c       0x2d ./Stm32_F103C6_Drivers/stm32f103x8_USART_driver.o
 .ARM.attributes
                0x00000179       0x2d F:/Cube IDE/STM32CubeIDE_1.16.1/STM32CubeIDE/plugins/com.st.stm32cube.ide.mcu.externaltools.gnu-tools-for-stm32.12.3.rel1.win32_1.0.200.202406191623/tools/bin/../lib/gcc/arm-none-eabi/12.3.1/../../../../arm-none-eabi/lib/thumb/v7-m/nofp\libc_nano.a(libc_a-init.o)
 .ARM.attributes
                0x000001a6       0x1d F:/Cube IDE/STM32CubeIDE_1.16.1/STM32CubeIDE/plugins/com.st.stm32cube.ide.mcu.externaltools.gnu-tools-for-stm32.12.3.rel1.win32_1.0.200.202406191623/tools/bin/../lib/gcc/arm-none-eabi/12.3.1/thumb/v7-m/nofp/crtn.o
OUTPUT(Door_Lock.elf elf32-littlearm)
LOAD linker stubs
LOAD F:/Cube IDE/STM32CubeIDE_1.16.1/STM32CubeIDE/plugins/com.st.stm32cube.ide.mcu.externaltools.gnu-tools-for-stm32.12.3.rel1.win32_1.0.200.202406191623/tools/bin/../lib/gcc/arm-none-eabi/12.3.1/../../../../arm-none-eabi/lib/thumb/v7-m/nofp\libc.a
LOAD F:/Cube IDE/STM32CubeIDE_1.16.1/STM32CubeIDE/plugins/com.st.stm32cube.ide.mcu.externaltools.gnu-tools-for-stm32.12.3.rel1.win32_1.0.200.202406191623/tools/bin/../lib/gcc/arm-none-eabi/12.3.1/../../../../arm-none-eabi/lib/thumb/v7-m/nofp\libm.a
LOAD F:/Cube IDE/STM32CubeIDE_1.16.1/STM32CubeIDE/plugins/com.st.stm32cube.ide.mcu.externaltools.gnu-tools-for-stm32.12.3.rel1.win32_1.0.200.202406191623/tools/bin/../lib/gcc/arm-none-eabi/12.3.1/thumb/v7-m/nofp\libgcc.a

.debug_info     0x00000000     0x24b6
 .debug_info    0x00000000      0x31f ./Src/main.o
 .debug_info    0x0000031f       0x30 ./Startup/startup_stm32f103c6tx.o
 .debug_info    0x0000034f      0x4bd ./Stm32_F103C6_Drivers/GPIO/stm32f103x8_gpio_driver.o
 .debug_info    0x0000080c      0x530 ./Stm32_F103C6_Drivers/stm32f103x8_EXTI_driver.o
 .debug_info    0x00000d3c      0xb04 ./Stm32_F103C6_Drivers/stm32f103x8_I2C_Drver.o
 .debug_info    0x00001840      0x6b4 ./Stm32_F103C6_Drivers/stm32f103x8_SPI_Drver.o
 .debug_info    0x00001ef4      0x5c2 ./Stm32_F103C6_Drivers/stm32f103x8_USART_driver.o

.debug_abbrev   0x00000000      0x9e4
 .debug_abbrev  0x00000000      0x11e ./Src/main.o
 .debug_abbrev  0x0000011e       0x1d ./Startup/startup_stm32f103c6tx.o
 .debug_abbrev  0x0000013b      0x16f ./Stm32_F103C6_Drivers/GPIO/stm32f103x8_gpio_driver.o
 .debug_abbrev  0x000002aa      0x180 ./Stm32_F103C6_Drivers/stm32f103x8_EXTI_driver.o
 .debug_abbrev  0x0000042a      0x257 ./Stm32_F103C6_Drivers/stm32f103x8_I2C_Drver.o
 .debug_abbrev  0x00000681      0x1ab ./Stm32_F103C6_Drivers/stm32f103x8_SPI_Drver.o
 .debug_abbrev  0x0000082c      0x1b8 ./Stm32_F103C6_Drivers/stm32f103x8_USART_driver.o

.debug_loc      0x00000000     0x1230
 .debug_loc     0x00000000      0x110 ./Src/main.o
 .debug_loc     0x00000110      0x330 ./Stm32_F103C6_Drivers/GPIO/stm32f103x8_gpio_driver.o
 .debug_loc     0x00000440      0x320 ./Stm32_F103C6_Drivers/stm32f103x8_EXTI_driver.o
 .debug_loc     0x00000760      0x580 ./Stm32_F103C6_Drivers/stm32f103x8_I2C_Drver.o
 .debug_loc     0x00000ce0      0x2bc ./Stm32_F103C6_Drivers/stm32f103x8_SPI_Drver.o
 .debug_loc     0x00000f9c      0x294 ./Stm32_F103C6_Drivers/stm32f103x8_USART_driver.o

.debug_aranges  0x00000000      0x298
 .debug_aranges
                0x00000000       0x38 ./Src/main.o
 .debug_aranges
                0x00000038       0x28 ./Startup/startup_stm32f103c6tx.o
 .debug_aranges
                0x00000060       0x60 ./Stm32_F103C6_Drivers/GPIO/stm32f103x8_gpio_driver.o
 .debug_aranges
                0x000000c0       0x80 ./Stm32_F103C6_Drivers/stm32f103x8_EXTI_driver.o
 .debug_aranges
                0x00000140       0xa0 ./Stm32_F103C6_Drivers/stm32f103x8_I2C_Drver.o
 .debug_aranges
                0x000001e0       0x58 ./Stm32_F103C6_Drivers/stm32f103x8_SPI_Drver.o
 .debug_aranges
                0x00000238       0x60 ./Stm32_F103C6_Drivers/stm32f103x8_USART_driver.o

.debug_ranges   0x00000000      0x230
 .debug_ranges  0x00000000       0x28 ./Src/main.o
 .debug_ranges  0x00000028       0x20 ./Startup/startup_stm32f103c6tx.o
 .debug_ranges  0x00000048       0x50 ./Stm32_F103C6_Drivers/GPIO/stm32f103x8_gpio_driver.o
 .debug_ranges  0x00000098       0x70 ./Stm32_F103C6_Drivers/stm32f103x8_EXTI_driver.o
 .debug_ranges  0x00000108       0x90 ./Stm32_F103C6_Drivers/stm32f103x8_I2C_Drver.o
 .debug_ranges  0x00000198       0x48 ./Stm32_F103C6_Drivers/stm32f103x8_SPI_Drver.o
 .debug_ranges  0x000001e0       0x50 ./Stm32_F103C6_Drivers/stm32f103x8_USART_driver.o

.debug_macro    0x00000000     0x17f8
 .debug_macro   0x00000000      0x1df ./Src/main.o
 .debug_macro   0x000001df       0x8e ./Src/main.o
 .debug_macro   0x0000026d       0x51 ./Src/main.o
 .debug_macro   0x000002be       0x61 ./Src/main.o
 .debug_macro   0x0000031f       0x1c ./Src/main.o
 .debug_macro   0x0000033b       0x35 ./Src/main.o
 .debug_macro   0x00000370       0x10 ./Src/main.o
 .debug_macro   0x00000380       0x1c ./Src/main.o
 .debug_macro   0x0000039c       0x16 ./Src/main.o
 .debug_macro   0x000003b2      0x146 ./Src/main.o
 .debug_macro   0x000004f8      0x6be ./Src/main.o
 .debug_macro   0x00000bb6       0x40 ./Src/main.o
 .debug_macro   0x00000bf6      0x228 ./Src/main.o
 .debug_macro   0x00000e1e       0xe8 ./Src/main.o
 .debug_macro   0x00000f06       0xcb ./Src/main.o
 .debug_macro   0x00000fd1       0x67 ./Src/main.o
 .debug_macro   0x00001038       0x10 ./Src/main.o
 .debug_macro   0x00001048      0x14c ./Stm32_F103C6_Drivers/GPIO/stm32f103x8_gpio_driver.o
 .debug_macro   0x00001194      0x15f ./Stm32_F103C6_Drivers/stm32f103x8_EXTI_driver.o
 .debug_macro   0x000012f3      0x16a ./Stm32_F103C6_Drivers/stm32f103x8_I2C_Drver.o
 .debug_macro   0x0000145d      0x178 ./Stm32_F103C6_Drivers/stm32f103x8_SPI_Drver.o
 .debug_macro   0x000015d5       0xc5 ./Stm32_F103C6_Drivers/stm32f103x8_SPI_Drver.o
 .debug_macro   0x0000169a      0x15e ./Stm32_F103C6_Drivers/stm32f103x8_USART_driver.o

.debug_line     0x00000000     0x3dd6
 .debug_line    0x00000000      0x82d ./Src/main.o
 .debug_line    0x0000082d       0x84 ./Startup/startup_stm32f103c6tx.o
 .debug_line    0x000008b1      0x986 ./Stm32_F103C6_Drivers/GPIO/stm32f103x8_gpio_driver.o
 .debug_line    0x00001237      0xb98 ./Stm32_F103C6_Drivers/stm32f103x8_EXTI_driver.o
 .debug_line    0x00001dcf      0xc6a ./Stm32_F103C6_Drivers/stm32f103x8_I2C_Drver.o
 .debug_line    0x00002a39      0xa56 ./Stm32_F103C6_Drivers/stm32f103x8_SPI_Drver.o
 .debug_line    0x0000348f      0x947 ./Stm32_F103C6_Drivers/stm32f103x8_USART_driver.o

.debug_str      0x00000000     0xcceb
 .debug_str     0x00000000     0xc07b ./Src/main.o
                               0xc287 (size before relaxing)
 .debug_str     0x0000c07b       0x3f ./Startup/startup_stm32f103c6tx.o
                                 0x6b (size before relaxing)
 .debug_str     0x0000c0ba      0x111 ./Stm32_F103C6_Drivers/GPIO/stm32f103x8_gpio_driver.o
                               0x9b37 (size before relaxing)
 .debug_str     0x0000c1cb      0x277 ./Stm32_F103C6_Drivers/stm32f103x8_EXTI_driver.o
                               0xaf98 (size before relaxing)
 .debug_str     0x0000c442      0x499 ./Stm32_F103C6_Drivers/stm32f103x8_I2C_Drver.o
                               0xa16c (size before relaxing)
 .debug_str     0x0000c8db      0x28f ./Stm32_F103C6_Drivers/stm32f103x8_SPI_Drver.o
                               0xa266 (size before relaxing)
 .debug_str     0x0000cb6a      0x181 ./Stm32_F103C6_Drivers/stm32f103x8_USART_driver.o
                               0xa290 (size before relaxing)

.comment        0x00000000       0x43
 .comment       0x00000000       0x43 ./Src/main.o
                                 0x44 (size before relaxing)
 .comment       0x00000043       0x44 ./Stm32_F103C6_Drivers/GPIO/stm32f103x8_gpio_driver.o
 .comment       0x00000043       0x44 ./Stm32_F103C6_Drivers/stm32f103x8_EXTI_driver.o
 .comment       0x00000043       0x44 ./Stm32_F103C6_Drivers/stm32f103x8_I2C_Drver.o
 .comment       0x00000043       0x44 ./Stm32_F103C6_Drivers/stm32f103x8_SPI_Drver.o
 .comment       0x00000043       0x44 ./Stm32_F103C6_Drivers/stm32f103x8_USART_driver.o

.debug_frame    0x00000000      0x908
 .debug_frame   0x00000000       0x98 ./Src/main.o
 .debug_frame   0x00000098      0x178 ./Stm32_F103C6_Drivers/GPIO/stm32f103x8_gpio_driver.o
 .debug_frame   0x00000210      0x1b0 ./Stm32_F103C6_Drivers/stm32f103x8_EXTI_driver.o
 .debug_frame   0x000003c0      0x288 ./Stm32_F103C6_Drivers/stm32f103x8_I2C_Drver.o
 .debug_frame   0x00000648      0x148 ./Stm32_F103C6_Drivers/stm32f103x8_SPI_Drver.o
 .debug_frame   0x00000790      0x14c ./Stm32_F103C6_Drivers/stm32f103x8_USART_driver.o
 .debug_frame   0x000008dc       0x2c F:/Cube IDE/STM32CubeIDE_1.16.1/STM32CubeIDE/plugins/com.st.stm32cube.ide.mcu.externaltools.gnu-tools-for-stm32.12.3.rel1.win32_1.0.200.202406191623/tools/bin/../lib/gcc/arm-none-eabi/12.3.1/../../../../arm-none-eabi/lib/thumb/v7-m/nofp\libc_nano.a(libc_a-init.o)
